20:46:19 PsiKernTest 0.2. Choose a test from the Read or Write menus.
20:46:19 Log: D:\PsiKern.log (the last one: PsiKern.old)
20:46:34 > Machine and driver
20:46:34 Machine: SERIES5mx, ROM 1.05(260)
20:46:34 Processor: ARM 710T, 36864 kHz, speed factor 2000
20:46:34 Display 640x240, 16 colours
20:46:34 RAM 16384 KB, free 9584 KB; ROM 16384 KB
20:46:34 < Machine and driver: 0
20:46:34 > Load the driver
20:46:34 Load driver: 0
20:46:34 Open channel: 0
20:46:34 < Load the driver: 0
20:46:34 Driver version 0.2
20:46:34 CPU mode in the driver: 1b (UND)
20:46:34 > Speed
20:46:35 Loop: 2000000 turns in 328 ms (6097 k turns a second)
20:46:35 Memory copy: 2 MB in 62 ms (33032 KB a second)
20:46:35 < Speed: 0
20:46:35 > Registers
20:46:35 MEMCFG1 = 00925050
20:46:35 MEMCFG2 = 00009393
20:46:35 DRAMCFG = ffff0081
20:46:35 LCDCTL = 00000003
20:46:35 LCDST = 00000803
20:46:36 LCDDBAR1 = c000d000
20:46:36 LCDT0 = 01010a70
20:46:36 LCDT1 = 010108ef
20:46:36 LCDT2 = 00000b0b
20:46:36 PWRSR = 00000031
20:46:36 PWRCNT = 00000004
20:46:36 INTSR = 00000000
20:46:36 INTRSR = 00004000
20:46:36 INTENS = 000008ae
20:46:36 UART2 FCR = 00000070
20:46:36 UART2 LCR = 00000003
20:46:36 UART2 CON = 00000000
20:46:36 UART2 FLG = 00000015
20:46:36 UART2 INTM = 00000000
20:46:37 TC1 LOAD = 00000019
20:46:37 TC1 VALUE = 00000000
20:46:37 TC1 CTRL = 0000005f
20:46:37 TC2 LOAD = 00002800
20:46:37 TC2 VALUE = 000027f9
20:46:37 TC2 CTRL = 0000000f
20:46:37 RTC LOW = 0000263f
20:46:37 RTC HIGH = 00003254
20:46:37 PORT B = 00000018
20:46:37 PORT C = 00000014
20:46:37 PORT D = 000000ec
20:46:37 PORT E = 00000009
20:46:38 A second later, what changed:
20:46:38 DRAMCFG = ff700081 (was ffff0081)
20:46:38 PWRSR = 0000001a (was 00000031)
20:46:39 RTC LOW = 00002640 (was 0000263f)
20:46:39 (212 ticks of 15625 us between the reads)
20:46:39 < Registers: 0
20:46:39 > Palette
20:46:39 Screen at 58003020, 640x240; palette 32 bytes before it
20:46:39 Palette: 200e 000d 000c 000b 000a 0009 0008 0007
20:46:39          0007 0006 0005 0004 0003 0002 0001 0000
20:46:39 It looks like the palette: the Write tests can run
20:46:39 < Palette: 0
20:46:39 Read tests done
20:47:02 > Invert
20:47:02 Inverted: 0
20:47:05 Put back
20:47:05 < Invert: 0
20:47:22 > Curves
20:47:22 16 greys in use; black is level 14
20:47:27 All 16 levels (EPOC uses 15, with 7 twice)
20:47:32 Lighter middle greys (gamma 0.6)
20:47:37 Darker middle greys (gamma 1.6)
20:47:43 More contrast (S-curve)
20:47:48 Less contrast
20:47:53 Inverted
20:47:58 Grey curves done, put back: 0
20:47:58 < Curves: 0
20:48:06 < closed
